<h1>
<a id="user-content-hello-world-" class="anchor" href="#hello-world-" aria-hidden="true"><span aria-hidden="true" class="octicon octicon-link"></span></a>Hello, World !</h1>

<div class="highlight highlight-source-js"><pre><span class="pl-en">console</span>.<span class="pl-c1">log</span>(<span class="pl-s"><span class="pl-pds">'</span>Hello, world !<span class="pl-pds">'</span></span>);</pre></div>
